[2026-10-08T08:21:23.146Z] [LOG] Starting Nest application... NestFactory
[2026-10-08T08:21:23.159Z] [LOG] AppModule dependencies initialized InstanceLoader
[2026-10-08T08:21:23.160Z] [WARN] Detective club images directory not found DetectiveClubService
[2026-10-08T08:21:23.160Z] [LOG] HealthModule dependencies initialized InstanceLoader
[2026-10-08T08:21:23.161Z] [LOG] GamesModule dependencies initialized InstanceLoader
[2026-10-08T08:21:23.183Z] [LOG] GamesGateway subscribed to the "leave_room" message WebSocketsController
[2026-10-08T08:21:23.183Z] [LOG] GamesGateway subscribed to the "get_available_rooms" message WebSocketsController
[2026-10-08T08:21:23.183Z] [LOG] GamesGateway subscribed to the "get_game_settings" message WebSocketsController
[2026-10-08T08:21:23.183Z] [LOG] GamesGateway subscribed to the "set_game_enabled" message WebSocketsController
[2026-10-08T08:21:23.183Z] [LOG] GamesGateway subscribed to the "get_artist_presets" message WebSocketsController
[2026-10-08T08:21:23.183Z] [LOG] GamesGateway subscribed to the "set_artist_enabled" message WebSocketsController
[2026-10-08T08:21:23.183Z] [LOG] GamesGateway subscribed to the "delete_artist" message WebSocketsController
[2026-10-08T08:21:23.183Z] [LOG] GamesGateway subscribed to the "create_room" message WebSocketsController
[2026-10-08T08:21:23.183Z] [LOG] GamesGateway subscribed to the "join_room" message WebSocketsController
[2026-10-08T08:21:23.183Z] [LOG] GamesGateway subscribed to the "start_game" message WebSocketsController
[2026-10-08T08:21:23.183Z] [LOG] GamesGateway subscribed to the "set_word" message WebSocketsController
[2026-10-08T08:21:23.183Z] [LOG] GamesGateway subscribed to the "stop_timer" message WebSocketsController
[2026-10-08T08:21:23.184Z] [LOG] GamesGateway subscribed to the "end_questioning" message WebSocketsController
[2026-10-08T08:21:23.184Z] [LOG] GamesGateway subscribed to the "submit_vote" message WebSocketsController
[2026-10-08T08:21:23.184Z] [LOG] GamesGateway subscribed to the "reset_game" message WebSocketsController
[2026-10-08T08:21:23.184Z] [LOG] GamesGateway subscribed to the "update_config" message WebSocketsController
[2026-10-08T08:21:23.184Z] [LOG] GamesGateway subscribed to the "card_game_action" message WebSocketsController
[2026-10-08T08:21:23.184Z] [LOG] GamesGateway subscribed to the "ttt_join_side" message WebSocketsController
[2026-10-08T08:21:23.184Z] [LOG] GamesGateway subscribed to the "ttt_make_move" message WebSocketsController
[2026-10-08T08:21:23.184Z] [LOG] GamesGateway subscribed to the "ttt_reset" message WebSocketsController
[2026-10-08T08:21:23.184Z] [LOG] GamesGateway subscribed to the "uttt_join_side" message WebSocketsController
[2026-10-08T08:21:23.184Z] [LOG] GamesGateway subscribed to the "uttt_make_move" message WebSocketsController
[2026-10-08T08:21:23.184Z] [LOG] GamesGateway subscribed to the "uttt_reset" message WebSocketsController
[2026-10-08T08:21:23.184Z] [LOG] GamesGateway subscribed to the "rps_next_round" message WebSocketsController
[2026-10-08T08:21:23.184Z] [LOG] GamesGateway subscribed to the "rps_make_choice" message WebSocketsController
[2026-10-08T08:21:23.184Z] [LOG] GamesGateway subscribed to the "rps_reset" message WebSocketsController
[2026-10-08T08:21:23.184Z] [LOG] GamesGateway subscribed to the "gobbler_join_side" message WebSocketsController
[2026-10-08T08:21:23.184Z] [LOG] GamesGateway subscribed to the "gobbler_place" message WebSocketsController
[2026-10-08T08:21:23.184Z] [LOG] GamesGateway subscribed to the "gobbler_move" message WebSocketsController
[2026-10-08T08:21:23.184Z] [LOG] GamesGateway subscribed to the "gobbler_reset" message WebSocketsController
[2026-10-08T08:21:23.184Z] [LOG] GamesGateway subscribed to the "sounds_fishy_type_answer" message WebSocketsController
[2026-10-08T08:21:23.184Z] [LOG] GamesGateway subscribed to the "sounds_fishy_submit_answer" message WebSocketsController
[2026-10-08T08:21:23.184Z] [LOG] GamesGateway subscribed to the "sounds_fishy_reveal_answer" message WebSocketsController
[2026-10-08T08:21:23.184Z] [LOG] GamesGateway subscribed to the "sounds_fishy_eliminate_player" message WebSocketsController
[2026-10-08T08:21:23.184Z] [LOG] GamesGateway subscribed to the "sounds_fishy_bank_points" message WebSocketsController
[2026-10-08T08:21:23.184Z] [LOG] GamesGateway subscribed to the "sounds_fishy_next_round" message WebSocketsController
[2026-10-08T08:21:23.184Z] [LOG] GamesGateway subscribed to the "sounds_fishy_reset" message WebSocketsController
[2026-10-08T08:21:23.184Z] [LOG] GamesGateway subscribed to the "detective_club_submit_word" message WebSocketsController
[2026-10-08T08:21:23.184Z] [LOG] GamesGateway subscribed to the "detective_club_play_card" message WebSocketsController
[2026-10-08T08:21:23.184Z] [LOG] GamesGateway subscribed to the "detective_club_next_phase" message WebSocketsController
[2026-10-08T08:21:23.184Z] [LOG] GamesGateway subscribed to the "detective_club_vote" message WebSocketsController
[2026-10-08T08:21:23.184Z] [LOG] GamesGateway subscribed to the "detective_club_next_round" message WebSocketsController
[2026-10-08T08:21:23.184Z] [LOG] GamesGateway subscribed to the "detective_club_reset" message WebSocketsController
[2026-10-08T08:21:23.184Z] [LOG] GamesGateway subscribed to the "saboteur_place_path" message WebSocketsController
[2026-10-08T08:21:23.184Z] [LOG] GamesGateway subscribed to the "saboteur_play_action" message WebSocketsController
[2026-10-08T08:21:23.184Z] [LOG] GamesGateway subscribed to the "saboteur_discard" message WebSocketsController
[2026-10-08T08:21:23.184Z] [LOG] GamesGateway subscribed to the "saboteur_pick_gold" message WebSocketsController
[2026-10-08T08:21:23.184Z] [LOG] GamesGateway subscribed to the "saboteur_next_round" message WebSocketsController
[2026-10-08T08:21:23.184Z] [LOG] GamesGateway subscribed to the "saboteur_reset" message WebSocketsController
[2026-10-08T08:21:23.184Z] [LOG] GamesGateway subscribed to the "coup_declare" message WebSocketsController
[2026-10-08T08:21:23.185Z] [LOG] GamesGateway subscribed to the "coup_challenge" message WebSocketsController
[2026-10-08T08:21:23.185Z] [LOG] GamesGateway subscribed to the "coup_block" message WebSocketsController
[2026-10-08T08:21:23.185Z] [LOG] GamesGateway subscribed to the "coup_exchange_select" message WebSocketsController
[2026-10-08T08:21:23.185Z] [LOG] GamesGateway subscribed to the "coup_reset" message WebSocketsController
[2026-10-08T08:21:23.185Z] [LOG] GamesGateway subscribed to the "who_am_i_submit_words" message WebSocketsController
[2026-10-08T08:21:23.185Z] [LOG] GamesGateway subscribed to the "who_am_i_submit_player_word" message WebSocketsController
[2026-10-08T08:21:23.185Z] [LOG] GamesGateway subscribed to the "who_am_i_get_categories" message WebSocketsController
[2026-10-08T08:21:23.185Z] [LOG] GamesGateway subscribed to the "game_action" message WebSocketsController
[2026-10-08T08:21:23.185Z] [LOG] GamesGateway subscribed to the "the_mind_ready" message WebSocketsController
[2026-10-08T08:21:23.185Z] [LOG] GamesGateway subscribed to the "the_mind_play_card" message WebSocketsController
[2026-10-08T08:21:23.185Z] [LOG] GamesGateway subscribed to the "the_mind_next_level" message WebSocketsController
[2026-10-08T08:21:23.185Z] [LOG] GamesGateway subscribed to the "the_mind_propose_shuriken" message WebSocketsController
[2026-10-08T08:21:23.185Z] [LOG] GamesGateway subscribed to the "the_mind_vote_shuriken" message WebSocketsController
[2026-10-08T08:21:23.185Z] [LOG] GamesGateway subscribed to the "the_mind_cancel_shuriken" message WebSocketsController
[2026-10-08T08:21:23.185Z] [LOG] GamesGateway subscribed to the "banana_thief_ready" message WebSocketsController
[2026-10-08T08:21:23.185Z] [LOG] GamesGateway subscribed to the "banana_thief_roll_die" message WebSocketsController
[2026-10-08T08:21:23.185Z] [LOG] GamesGateway subscribed to the "banana_thief_next_hour" message WebSocketsController
[2026-10-08T08:21:23.185Z] [LOG] GamesGateway subscribed to the "banana_thief_peek" message WebSocketsController
[2026-10-08T08:21:23.185Z] [LOG] GamesGateway subscribed to the "banana_thief_vote" message WebSocketsController
[2026-10-08T08:21:23.185Z] [LOG] GamesGateway subscribed to the "banana_thief_choose_follower" message WebSocketsController
[2026-10-08T08:21:23.185Z] [LOG] GamesGateway subscribed to the "banana_thief_start_vote" message WebSocketsController
[2026-10-08T08:21:23.185Z] [LOG] GamesGateway subscribed to the "banana_thief_next_round" message WebSocketsController
[2026-10-08T08:21:23.185Z] [LOG] GamesGateway subscribed to the "banana_thief_reset" message WebSocketsController
[2026-10-08T08:21:23.185Z] [LOG] GamesGateway subscribed to the "banana_thief_reaction" message WebSocketsController
[2026-10-08T08:21:23.185Z] [LOG] GamesGateway subscribed to the "leaderboard_get" message WebSocketsController
[2026-10-08T08:21:23.185Z] [LOG] GamesGateway subscribed to the "spectate_join" message WebSocketsController
[2026-10-08T08:21:23.190Z] [LOG] HealthController {/health}: RoutesResolver
[2026-10-08T08:21:23.191Z] [LOG] Mapped {/health, GET} route RouterExplorer
[2026-10-08T08:21:23.193Z] [LOG] Nest application successfully started NestApplication
[2026-10-08T08:21:23.197Z] [LOG] API [v1.0.0] listening on http://localhost:3999
